server/scripts/create-monitor-key.ts(9,21): error TS1127: Invalid character.
server/scripts/create-monitor-key.ts(9,22): error TS1134: Variable declaration expected.
server/scripts/create-monitor-key.ts(37,1): error TS1005: '}' expected.
server/scripts/create-monitor-key.ts(37,1): error TS1160: Unterminated template literal.
